// Jest Snapshot v1, https://goo.gl/fbAQLP

exports[`<UserCart /> should match the snapshot 1`] = `
Object {
  "asFragment": [Function],
  "baseElement": .c2 {
  width: 100%;
  height: 2em;
  border: 2px solid darkred;
  border-radius: 8px;
  font-weight: 700;
  background-color: #FAFAFA;
  -webkit-transition: 300ms ease-in-out;
  transition: 300ms ease-in-out;
  -webkit-transition-property: background-color,color;
  transition-property: background-color,color;
}

.c2:not(:disabled):hover {
  background-color: darkred;
  color: white;
  cursor: pointer;
}

.c1 {
  -webkit-animation: evplCe 300ms ease-in-out forwards;
  animation: evplCe 300ms ease-in-out forwards;
  display: -webkit-box;
  display: -webkit-flex;
  display: -ms-flexbox;
  display: flex;
  background-color: #FAFAFA;
  border-radius: 8px;
  padding: 1rem;
}

.c1 > img {
  max-width: 30%;
}

.c1 .item-info {
  display: grid;
  grid-template-areas: "name name" "price btn";
  grid-template-rows: 1fr 1fr;
  -webkit-align-items: center;
  -webkit-box-align: center;
  -ms-flex-align: center;
  align-items: center;
  -webkit-flex: 1;
  -ms-flex: 1;
  flex: 1;
}

.c1 .item-name {
  grid-area: name;
  text-transform: capitalize;
  font-weight: 700;
  font-size: 2rem;
}

.c1 .item-price {
  grid-area: price;
}

.c1 button {
  grid-area: btn;
}

.c0 {
  display: grid;
  grid-template-rows: auto 1fr 3rem 5rem;
  gap: 1rem;
  padding: 1rem;
  background-color: pink;
  border: 2px solid darkred;
  position: fixed;
  inset: 7.2rem 1rem 1rem 1rem;
  -webkit-transition: opacity 500ms;
  transition: opacity 500ms;
  z-index: 100;
  border-radius: 8px;
}

.c0 h3 {
  text-align: center;
  color: white;
  font-size: 3rem;
}

.c0 ul {
  display: -webkit-box;
  display: -webkit-flex;
  display: -ms-flexbox;
  display: flex;
  -webkit-flex-direction: column;
  -ms-flex-direction: column;
  flex-direction: column;
  gap: 0.5rem;
  overflow-y: auto;
  overflow-x: hidden;
}

.c0 .total-price {
  color: white;
  font-weight: 700;
  font-size: 2rem;
}

.c3 {
  height: 100%;
}

@media (max-width:1000px) {

}

@media (min-width:1000px) {
  .c0 {
    right: 1rem;
    left: initial;
    width: 30rem;
  }
}

<body>
    <div>
      <aside
        class="c0"
      >
        <h3>
          Cart
        </h3>
        <ul>
          <li
            class="c1"
            data-testid="cart-item"
          >
            <img
              alt="Imagem do produto"
              src="img"
            />
            <div
              class="item-info"
            >
              <p
                class="item-name"
              >
                testProduct
              </p>
              <p
                class="item-price"
              >
                $20
              </p>
              <button
                aria-label="Remove item from cart"
                class="c2"
                type="button"
              >
                remove
              </button>
            </div>
          </li>
        </ul>
        <p
          class="total-price"
        >
          Total: $
          20.00
        </p>
        <button
          class="c2 c3"
          type="button"
        >
          Checkout
        </button>
      </aside>
    </div>
  </body>,
  "container": <div>
    <aside
      class="styles__UserCartWrapper-sc-1uo9h4q-0 hOxRJz"
    >
      <h3>
        Cart
      </h3>
      <ul>
        <li
          class="styles__CartItemWrapper-sc-2uxl39-0 cnWdjo"
          data-testid="cart-item"
        >
          <img
            alt="Imagem do produto"
            src="img"
          />
          <div
            class="item-info"
          >
            <p
              class="item-name"
            >
              testProduct
            </p>
            <p
              class="item-price"
            >
              $20
            </p>
            <button
              aria-label="Remove item from cart"
              class="styles__ButtonWrapper-sc-136ut5a-0 PmdNa"
              type="button"
            >
              remove
            </button>
          </div>
        </li>
      </ul>
      <p
        class="total-price"
      >
        Total: $
        20.00
      </p>
      <button
        class="styles__ButtonWrapper-sc-136ut5a-0 PmdNa styles__CheckoutButton-sc-1uo9h4q-1 geuWZh"
        type="button"
      >
        Checkout
      </button>
    </aside>
  </div>,
  "debug": [Function],
  "findAllByAltText": [Function],
  "findAllByDisplayValue": [Function],
  "findAllByLabelText": [Function],
  "findAllByPlaceholderText": [Function],
  "findAllByRole": [Function],
  "findAllByTestId": [Function],
  "findAllByText": [Function],
  "findAllByTitle": [Function],
  "findByAltText": [Function],
  "findByDisplayValue": [Function],
  "findByLabelText": [Function],
  "findByPlaceholderText": [Function],
  "findByRole": [Function],
  "findByTestId": [Function],
  "findByText": [Function],
  "findByTitle": [Function],
  "getAllByAltText": [Function],
  "getAllByDisplayValue": [Function],
  "getAllByLabelText": [Function],
  "getAllByPlaceholderText": [Function],
  "getAllByRole": [Function],
  "getAllByTestId": [Function],
  "getAllByText": [Function],
  "getAllByTitle": [Function],
  "getByAltText": [Function],
  "getByDisplayValue": [Function],
  "getByLabelText": [Function],
  "getByPlaceholderText": [Function],
  "getByRole": [Function],
  "getByTestId": [Function],
  "getByText": [Function],
  "getByTitle": [Function],
  "queryAllByAltText": [Function],
  "queryAllByDisplayValue": [Function],
  "queryAllByLabelText": [Function],
  "queryAllByPlaceholderText": [Function],
  "queryAllByRole": [Function],
  "queryAllByTestId": [Function],
  "queryAllByText": [Function],
  "queryAllByTitle": [Function],
  "queryByAltText": [Function],
  "queryByDisplayValue": [Function],
  "queryByLabelText": [Function],
  "queryByPlaceholderText": [Function],
  "queryByRole": [Function],
  "queryByTestId": [Function],
  "queryByText": [Function],
  "queryByTitle": [Function],
  "rerender": [Function],
  "unmount": [Function],
}
`;
